[05-Jul-2025 19:20:06 America/New_York] Error en actualizarVehiculoDB para veh_id 1: Error al ejecutar SP de actualización de vehículo: PROCEDURE sistemaventaautos.sp_actualizar_vehiculo does not exist SQL: CALL sp_actualizar_vehiculo( 1, 13, 81, 2, NULL, 'usado', 2023, '50000', 18000.00, NULL, 'IBB-9090', 'Imbabura', 'Ibarra', 'Imbabura', '0', 'Blanco', NULL, '1.6L', 'Manual', 'Trasera', 'Manuales', 'Gasolina', 'Hidraulica', 'Aire Acondicionado', 'REBNAULT DUSTER 4X4 5P 1.6L', 'Unico Dueño, Garantia de Casa Vigente, Matricula Pagada, Negociable', '2025-07-01', 1, @p_update_resultado, @p_update_mensaje )
[05-Jul-2025 19:20:06 America/New_York] vehiculos_ajax.php: actualizarVehiculo - Error del modelo: Error al actualizar el vehículo: Error al ejecutar SP de actualización de vehículo: PROCEDURE sistemaventaautos.sp_actualizar_vehiculo does not exist SQL: CALL sp_actualizar_vehiculo( 1, 13, 81, 2, NULL, 'usado', 2023, '50000', 18000.00, NULL, 'IBB-9090', 'Imbabura', 'Ibarra', 'Imbabura', '0', 'Blanco', NULL, '1.6L', 'Manual', 'Trasera', 'Manuales', 'Gasolina', 'Hidraulica', 'Aire Acondicionado', 'REBNAULT DUSTER 4X4 5P 1.6L', 'Unico Dueño, Garantia de Casa Vigente, Matricula Pagada, Negociable', '2025-07-01', 1, @p_update_resultado, @p_update_mensaje ) para veh_id: 1
[05-Jul-2025 19:20:07 America/New_York] Error en actualizarVehiculoDB para veh_id 1: Error al ejecutar SP de actualización de vehículo: PROCEDURE sistemaventaautos.sp_actualizar_vehiculo does not exist SQL: CALL sp_actualizar_vehiculo( 1, 13, 81, 2, NULL, 'usado', 2023, '50000', 18000.00, NULL, 'IBB-9090', 'Imbabura', 'Ibarra', 'Imbabura', '0', 'Blanco', NULL, '1.6L', 'Manual', 'Trasera', 'Manuales', 'Gasolina', 'Hidraulica', 'Aire Acondicionado', 'REBNAULT DUSTER 4X4 5P 1.6L', 'Unico Dueño, Garantia de Casa Vigente, Matricula Pagada, Negociable', '2025-07-01', 1, @p_update_resultado, @p_update_mensaje )
[05-Jul-2025 19:20:07 America/New_York] vehiculos_ajax.php: actualizarVehiculo - Error del modelo: Error al actualizar el vehículo: Error al ejecutar SP de actualización de vehículo: PROCEDURE sistemaventaautos.sp_actualizar_vehiculo does not exist SQL: CALL sp_actualizar_vehiculo( 1, 13, 81, 2, NULL, 'usado', 2023, '50000', 18000.00, NULL, 'IBB-9090', 'Imbabura', 'Ibarra', 'Imbabura', '0', 'Blanco', NULL, '1.6L', 'Manual', 'Trasera', 'Manuales', 'Gasolina', 'Hidraulica', 'Aire Acondicionado', 'REBNAULT DUSTER 4X4 5P 1.6L', 'Unico Dueño, Garantia de Casa Vigente, Matricula Pagada, Negociable', '2025-07-01', 1, @p_update_resultado, @p_update_mensaje ) para veh_id: 1
[05-Jul-2025 19:20:56 America/New_York] Error en actualizarVehiculoDB para veh_id 1: Error al ejecutar SP de actualización de vehículo: PROCEDURE sistemaventaautos.sp_actualizar_vehiculo does not exist SQL: CALL sp_actualizar_vehiculo( 1, 13, 81, 2, NULL, 'usado', 2023, '50000', 18499.98, NULL, 'IBB-9090', 'Imbabura', 'Ibarra', 'Imbabura', '0', 'Blanco', NULL, '1.6L', 'Manual', 'Trasera', 'Manuales', 'Gasolina', 'Hidraulica', 'Aire Acondicionado', 'REBNAULT DUSTER 4X4 5P 1.6L', 'Acepto Vehiculo Como Parte de Pago, Unico Dueño, Garantia de Casa Vigente, Documentos al Dia, Matricula Pagada, Negociable', '2025-07-01', 1, @p_update_resultado, @p_update_mensaje )
[05-Jul-2025 19:20:56 America/New_York] vehiculos_ajax.php: actualizarVehiculo - Error del modelo: Error al actualizar el vehículo: Error al ejecutar SP de actualización de vehículo: PROCEDURE sistemaventaautos.sp_actualizar_vehiculo does not exist SQL: CALL sp_actualizar_vehiculo( 1, 13, 81, 2, NULL, 'usado', 2023, '50000', 18499.98, NULL, 'IBB-9090', 'Imbabura', 'Ibarra', 'Imbabura', '0', 'Blanco', NULL, '1.6L', 'Manual', 'Trasera', 'Manuales', 'Gasolina', 'Hidraulica', 'Aire Acondicionado', 'REBNAULT DUSTER 4X4 5P 1.6L', 'Acepto Vehiculo Como Parte de Pago, Unico Dueño, Garantia de Casa Vigente, Documentos al Dia, Matricula Pagada, Negociable', '2025-07-01', 1, @p_update_resultado, @p_update_mensaje ) para veh_id: 1
[12-Jul-2025 00:04:14 America/New_York] [SP ERROR] MySQL Error: 1366 - Incorrect string value: '\xF0\x9F\x9A\x97 *...' for column 'p_veh_descripcion' at row 1
[12-Jul-2025 00:04:14 America/New_York] [SP ERROR] SQL ejecutado: CALL sp_insertar_vehiculo( 5, 118, 2, NULL, 3, 'nuevo', 2026, 0, 43990, NULL, NULL, 'Cotopaxi', 'Pujilí', NULL, NULL, 'Plata', NULL, 'Dos motores 100% eléctricos de alto desempeño', 'Automatica', 'AWD', 'Electricos Completos', 'Electrico', NULL, 'Aire Acondicionado', 'Te presentamos este espectacular Nissan X-Trail e-POWER 2026. Este vehículo completamente nuevo te ofrece la última tecnología y garantía de fábrica.\r\n\r\n🚗 **Características Destacadas:**\r\n• Tipo: SUV\r\n• Año de fabricación: 2026\r\n• Color exterior: Plata\r\n• Ubicación: Pujilí, Cotopaxi\r\n\r\n⚙️ **Especificaciones Técnicas:**\r\n• Motor: Dos motores 100% eléctricos de alto desempeño\r\n• Transmisión: Automatica\r\n• Tracción: AWD\r\n• Combustible: Electrico\r\n• Vidrios: Electricos Completos\r\n• Climatización: Aire Acondicionado\r\n\r\n📞 ¡No dejes pasar esta oportunidad! Contáctanos ahora para más información y agenda tu cita para verlo.', NULL, '2025-07-12', @p_veh_id_insertado, @p_resultado, @p_mensaje )
[12-Jul-2025 00:21:43 America/New_York] vehiculos_ajax.php: eliminarVehiculo - Error del modelo: Error: El vehículo con ID 11 no existe.
[12-Jul-2025 19:20:09 America/New_York] Error al llamar a sp_insertar_imagen_vehiculo: Lock wait timeout exceeded; try restarting transaction (SQL: CALL sp_insertar_imagen_vehiculo(
            12, 'PUBLIC/uploads/vehiculos/12/vehiculo_12_6872ed76f3b8b4.25741291.jpg', FALSE,
            @p_ima_id_insertado, @p_resultado, @p_mensaje
        ))
[12-Jul-2025 19:20:09 America/New_York] Error insertando nueva imagen nissan-2023-xtrail_e_power_platinum-champagne_bitono-negro-exterior-diseno_parrilla_v-d.jpg.ximg.l_12_h.smart.jpg a BD: Error técnico al guardar la imagen (llamada SP).
[12-Jul-2025 19:29:09 America/New_York] Error al llamar a sp_insertar_imagen_vehiculo: Lock wait timeout exceeded; try restarting transaction (SQL: CALL sp_insertar_imagen_vehiculo(
            12, 'PUBLIC/uploads/vehiculos/12/vehiculo_12_6872ef9332a153.61951906.jpg', FALSE,
            @p_ima_id_insertado, @p_resultado, @p_mensaje
        ))
[12-Jul-2025 19:29:09 America/New_York] Error insertando nueva imagen nissan-2023-xtrail_e_power_platinum-champagne_bitono-negro-exterior-diseno_parrilla_v-d.jpg.ximg.l_12_h.smart.jpg a BD: Error técnico al guardar la imagen (llamada SP).
[12-Jul-2025 19:32:26 America/New_York] Error al llamar a sp_insertar_imagen_vehiculo: Lock wait timeout exceeded; try restarting transaction (SQL: CALL sp_insertar_imagen_vehiculo(
            12, 'PUBLIC/uploads/vehiculos/12/vehiculo_12_6872f0587ade76.35640646.jpg', FALSE,
            @p_ima_id_insertado, @p_resultado, @p_mensaje
        ))
[12-Jul-2025 19:32:26 America/New_York] Error insertando nueva imagen nissan-2023-xtrail_e_power_platinum-champagne_bitono-negro-exterior-diseno_parrilla_v-d.jpg.ximg.l_12_h.smart.jpg a BD: Error técnico al guardar la imagen (llamada SP).
